C51 COMPILER V9.56.0.0   LED_SINGLE_DELAY                                                  01/28/2020 15:38:21 PAGE 1   


C51 COMPILER V9.56.0.0, COMPILATION OF MODULE LED_SINGLE_DELAY
OBJECT MODULE PLACED IN .\Objects\led_single_delay.obj
COMPILER INVOKED BY: C:\Keil_v5\C51\BIN\C51.EXE led_single_delay.c OPTIMIZE(8,SPEED) BROWSE DEBUG OBJECTEXTEND PRINT(.\L
                    -istings\led_single_delay.lst) TABS(2) OBJECT(.\Objects\led_single_delay.obj)

line level    source

   1          #include<reg51.h>
   2          sbit led=P2^0;
   3          
   4          ////////////////////////////////////////Delay function
   5          void delay(int a)
   6          {
   7   1        int i,j;
   8   1        for (i=0; i<a;i++)
   9   1        {
  10   2          for(j=0; j<1275; j++);
  11   2        }
  12   1      }
  13          ////////////////////////////////////////Main function
  14          
  15            void main()
  16            {
  17   1          led=0;      //////////////Initialize uc pin
  18   1          
  19   1           while(1)
  20   1           {
  21   2            led=1;
  22   2            delay(100);
  23   2            led=0;
  24   2            delay(100);
  25   2           }
  26   1      }    


MODULE INFORMATION:   STATIC OVERLAYABLE
   CODE SIZE        =     56    ----
   CONSTANT SIZE    =   ----    ----
   XDATA SIZE       =   ----    ----
   PDATA SIZE       =   ----    ----
   DATA SIZE        =   ----    ----
   IDATA SIZE       =   ----    ----
   BIT SIZE         =   ----    ----
END OF MODULE INFORMATION.


C51 COMPILATION COMPLETE.  0 WARNING(S),  0 ERROR(S)
